// Jest Snapshot v1, https://goo.gl/fbAQLP

exports[`tabbar basic 1`] = `
<main>
  <mp-tabbar
    id="tabbar"
    style="position:fixed;bottom:0;width:100%;left:0;right:0;"
    bind:change="tabChange"
  >
    <wx-view
      class="weui-tabbar "
    >
      <wx-view
        class="weui-tabbar__item weui-bar__item_on"
        data-index="{{0}}"
        bind:tap="tabChange"
      >
        <wx-view
          style="position: relative;display:inline-block;"
        >
          <wx-image
            class="weui-tabbar__icon"
            src="/icon.selected"
          />
          <mp-badge
            style="position: absolute;top:-2px;left:calc(100% - 3px)"
          >
            <wx-view
              class="weui-badge  "
            >
              8
            </wx-view>
          </mp-badge>
        </wx-view>
        <wx-view
          class="weui-tabbar__label"
        >
          微信
        </wx-view>
      </wx-view>
      <wx-view
        class="weui-tabbar__item "
        data-index="{{1}}"
        bind:tap="tabChange"
      >
        <wx-view
          style="position: relative;display:inline-block;"
        >
          <wx-image
            class="weui-tabbar__icon"
            src="/icon"
          />
        </wx-view>
        <wx-view
          class="weui-tabbar__label"
        >
          通讯录
        </wx-view>
      </wx-view>
      <wx-view
        class="weui-tabbar__item "
        data-index="{{2}}"
        bind:tap="tabChange"
      >
        <wx-view
          style="position: relative;display:inline-block;"
        >
          <wx-image
            class="weui-tabbar__icon"
            src="/icon"
          />
          <mp-badge
            style="position: absolute;top:-2px;left:calc(100% - 3px)"
          >
            <wx-view
              class="weui-badge  weui-badge_dot"
            >
              
            </wx-view>
          </mp-badge>
        </wx-view>
        <wx-view
          class="weui-tabbar__label"
        >
          发现
        </wx-view>
      </wx-view>
      <wx-view
        class="weui-tabbar__item "
        data-index="{{3}}"
        bind:tap="tabChange"
      >
        <wx-view
          style="position: relative;display:inline-block;"
        >
          <wx-image
            class="weui-tabbar__icon"
            src="/icon"
          />
        </wx-view>
        <wx-view
          class="weui-tabbar__label"
        >
          我
        </wx-view>
      </wx-view>
    </wx-view>
  </mp-tabbar>
</main>
`;
