// Jest Snapshot v1, https://goo.gl/fbAQLP

exports[`grids basic 1`] = `
<mp-half-screen-dialog
  id="dialog"
  bind:buttontap="onButtonTap"
  bind:close="onClose"
/>
`;

exports[`grids basic 2`] = `
<mp-half-screen-dialog
  id="dialog"
  bind:buttontap="onButtonTap"
  bind:close="onClose"
>
  <wx-view
    ariaModal="true"
    ariaRole="dialog"
  >
    <wx-view
      ariaLabel="关闭"
      ariaRole="button"
      class="weui-mask fadeIn"
      data-type="tap"
      bind:tap="close"
      catch:touchmove="onMaskMouseMove"
    />
    <wx-view
      class="weui-half-screen-dialog weui-animate-slide-up "
      catch:touchmove="onMaskMouseMove"
    >
      <wx-view
        class="weui-half-screen-dialog__hd"
      >
        <wx-view
          class="weui-half-screen-dialog__hd__side"
          data-type="close"
          bind:tap="close"
        >
          <wx-view
            ariaRole="button"
            class="weui-icon-btn"
            hoverClass="weui-active"
          >
            关闭
            <i
              class="weui-icon-close-thin"
            />
          </wx-view>
        </wx-view>
        <wx-view
          class="weui-half-screen-dialog__hd__main"
          tabindex="0"
        >
          <wx-view
            class="weui-half-screen-dialog__title"
          >
            <wx-view
              slot="title"
            >
              测试标题A
            </wx-view>
          </wx-view>
        </wx-view>
        <wx-view
          class="weui-half-screen-dialog__hd__side"
        >
          <wx-view
            class="weui-icon-btn weui-icon-btn_more"
            hoverClass="weui-active"
          >
            更多
          </wx-view>
        </wx-view>
      </wx-view>
      <wx-view
        class="weui-half-screen-dialog__bd"
      >
        <wx-view
          slot="desc"
        >
          这是自定义描述区
        </wx-view>
      </wx-view>
      <wx-view
        class="weui-half-screen-dialog__ft"
      >
        <wx-view
          class="weui-half-screen-dialog__btn-area"
        >
          <wx-button
            ariaRole="button"
            class="weui-btn "
            data-index="{{0}}"
            type="default"
            bind:tap="buttonTap"
          >
            按钮A
          </wx-button>
          <wx-button
            ariaRole="button"
            class="weui-btn "
            data-index="{{1}}"
            type="primary"
            bind:tap="buttonTap"
          >
            按钮B
          </wx-button>
        </wx-view>
      </wx-view>
    </wx-view>
  </wx-view>
</mp-half-screen-dialog>
`;
